// Jest Snapshot v1, https://goo.gl/fbAQLP

exports[`App Component View render app root and chart component 1`] = `
<div
  className="div_predict_container"
>
  <div
    className="div_navbar_container"
  >
    <div
      className="div_navbar_content div_navbar_content_app_name"
    >
      <h4>
        PredMaq
      </h4>
    </div>
    <div
      className="div_navbar_content div_navbar_content_datetime"
    >
      <span
        className="text_datatime_navbar"
      />
    </div>
  </div>
  <div
    className="div_body_container"
  >
    <div
      className="div_sidebar_left_content"
    >
      <div
        className="div_img_container"
      >
        <img
          alt="logo predmaq"
          id="id_img_predmaq"
          src="test-file-stub"
        />
      </div>
      <div
        className="div_action_container"
      >
        <div
          className="div_action_group_conatiner"
        >
          <input
            aria-label="cost-input"
            className="input_action_style action_style"
            onChange={[Function]}
            onKeyDown={[Function]}
            placeholder="Procurar..."
            type="text"
            value=""
          />
        </div>
        <div
          className="div_action_group_conatiner"
        >
          <button
            className="btn_action_style action_style"
            onClick={[Function]}
          >
            Temperatura
          </button>
        </div>
        <div
          className="div_action_group_conatiner"
        >
          <button
            className="btn_action_style action_style"
            onClick={[Function]}
          >
            Rotação
          </button>
        </div>
        <div
          className="div_action_group_conatiner"
        >
          <button
            className="btn_action_style action_style"
            onClick={[Function]}
          >
            Desgaste
          </button>
        </div>
        <div
          className="div_action_group_conatiner"
        >
          <button
            className="btn_action_dinamic_style action_style"
            onClick={[Function]}
            style={
              {
                "backgroundColor": "#ff0000",
              }
            }
          >
            Pausada
          </button>
        </div>
      </div>
    </div>
    <div
      className="div_sidebar_right_content"
    >
      <div
        className="div_plot_conatiner"
      >
        <div
          className="div_plot_content"
        >
          <canvas
            height={100}
            role="img"
            width={100}
          />
        </div>
        <div
          className="div_plot_content"
        >
          <canvas
            height={100}
            role="img"
            width={100}
          />
        </div>
      </div>
      <div
        className="div_grid_conatiner"
      >
        <table
          className="table table table-striped"
        >
          <thead>
            <tr>
              <th>
                AirTemperature
              </th>
              <th>
                FailureType
              </th>
              <th>
                ProcessTemperature
              </th>
              <th>
                ProductID
              </th>
              <th>
                RotationalSpeed
              </th>
              <th>
                Target
              </th>
              <th>
                ToolWear
              </th>
              <th>
                Torque
              </th>
              <th>
                Type
              </th>
              <th>
                UDI
              </th>
            </tr>
          </thead>
          <tbody />
        </table>
      </div>
    </div>
  </div>
</div>
`;

exports[`App Component View render app root component 1`] = `
<div
  className="div_predict_container"
>
  <div
    className="div_navbar_container"
  >
    <div
      className="div_navbar_content div_navbar_content_app_name"
    >
      <h4>
        PredMaq
      </h4>
    </div>
    <div
      className="div_navbar_content div_navbar_content_datetime"
    >
      <span
        className="text_datatime_navbar"
      />
    </div>
  </div>
  <div
    className="div_body_container"
  >
    <div
      className="div_sidebar_left_content"
    >
      <div
        className="div_img_container"
      >
        <img
          alt="logo predmaq"
          id="id_img_predmaq"
          src="test-file-stub"
        />
      </div>
      <div
        className="div_action_container"
      >
        <div
          className="div_action_group_conatiner"
        >
          <input
            aria-label="cost-input"
            className="input_action_style action_style"
            onChange={[Function]}
            onKeyDown={[Function]}
            placeholder="Procurar..."
            type="text"
            value=""
          />
        </div>
        <div
          className="div_action_group_conatiner"
        >
          <button
            className="btn_action_style action_style"
            onClick={[Function]}
          >
            Temperatura
          </button>
        </div>
        <div
          className="div_action_group_conatiner"
        >
          <button
            className="btn_action_style action_style"
            onClick={[Function]}
          >
            Rotação
          </button>
        </div>
        <div
          className="div_action_group_conatiner"
        >
          <button
            className="btn_action_style action_style"
            onClick={[Function]}
          >
            Desgaste
          </button>
        </div>
        <div
          className="div_action_group_conatiner"
        >
          <button
            className="btn_action_dinamic_style action_style"
            onClick={[Function]}
            style={
              {
                "backgroundColor": "#ff0000",
              }
            }
          >
            Pausada
          </button>
        </div>
      </div>
    </div>
    <div
      className="div_sidebar_right_content"
    >
      <div
        className="div_plot_conatiner"
      >
        <div
          className="div_plot_content"
        >
          <canvas
            height={100}
            role="img"
            width={100}
          />
        </div>
        <div
          className="div_plot_content"
        >
          <canvas
            height={100}
            role="img"
            width={100}
          />
        </div>
      </div>
      <div
        className="div_grid_conatiner"
      >
        <table
          className="table table table-striped"
        >
          <thead>
            <tr>
              <th>
                AirTemperature
              </th>
              <th>
                FailureType
              </th>
              <th>
                ProcessTemperature
              </th>
              <th>
                ProductID
              </th>
              <th>
                RotationalSpeed
              </th>
              <th>
                Target
              </th>
              <th>
                ToolWear
              </th>
              <th>
                Torque
              </th>
              <th>
                Type
              </th>
              <th>
                UDI
              </th>
            </tr>
          </thead>
          <tbody />
        </table>
      </div>
    </div>
  </div>
</div>
`;
